// Vitest Snapshot v1, https://vitest.dev/guide/snapshot.html

exports[`compute_merkle_root â†’ golden ordering > emits stable, sorted manifest and root 1`] = `
{
  "files": [
    {
      "hash": "5ddbce254c08372e429a250112c6f4593868687ab01e9a126193e5a83560362b",
      "path": ".dotfile",
    },
    {
      "hash": "b6a98d9ce9a2d9149288fa3df42d377c3e42737afdcdaf714e33c0a100b51060",
      "path": "a/alpha.txt",
    },
    {
      "hash": "2088d0c4b41022d90f663fa8d8156cb525241b55d30ecdf922c38f94f7efda4c",
      "path": "a/zeta.txt",
    },
    {
      "hash": "f2c82decdd7181cf98945929a62598db7e6b477e11f6e0eb0ae97020eff151ad",
      "path": "b/beta.txt",
    },
    {
      "hash": "054edec1d0211f624fed0cbca9d4f9400b0e491c43742af2c5b0abebf0c990d8",
      "path": "b/img.bin",
    },
  ],
  "merkleRoot": "8a99cc7c12ffb388ef82e1215d6e7eb1cc667b3c1c1c406feed9f236fcd11fe1",
}
`;
